bruno_alcamin:~/workspace (master) $ cd Aula1
bash: cd: Aula1: No such file or directory
bruno_alcamin:~/workspace (master) $ cd Aula1
bruno_alcamin:~/workspace/Aula1 (master) $ git init
Initialized empty Git repository in /home/ubuntu/workspace/Aula1/.git/
bruno_alcamin:~/workspace/Aula1 (master) $ git remote add origin git@github.com:Bruno-Alcamin/PHP.git
bruno_alcamin:~/workspace/Aula1 (master) $ git status
On branch master

Initial commit

Untracked files:
  (use "git add <file>..." to include in what will be committed)

        hello-world.php
        jquery-2.2.0.js
        revolver.php
        urljs

nothing added to commit but untracked files present (use "git add" to track)
bruno_alcamin:~/workspace/Aula1 (master) $ git add .
bruno_alcamin:~/workspace/Aula1 (master) $ git status
On branch master

Initial commit

Changes to be committed:
  (use "git rm --cached <file>..." to unstage)

        new file:   hello-world.php
        new file:   jquery-2.2.0.js
        new file:   revolver.php
        new file:   urljs

bruno_alcamin:~/workspace/Aula1 (master) $ git comit -m "Meu Primeiro comit"
git: 'comit' is not a git command. See 'git --help'.

Did you mean this?
        commit
bruno_alcamin:~/workspace/Aula1 (master) $ git commit -m "Meu Primeiro Projeto"
[master (root-commit) b822e88] Meu Primeiro Projeto
 4 files changed, 9914 insertions(+)
 create mode 100644 hello-world.php
 create mode 100644 jquery-2.2.0.js
 create mode 100644 revolver.php
 create mode 100644 urljs
bruno_alcamin:~/workspace/Aula1 (master) $ git remote add origin1 https://github.com/Bruno-Alcamin/PHP.git
bruno_alcamin:~/workspace/Aula1 (master) $ git push orgin1 master
fatal: 'orgin1' does not appear to be a git repository
fatal: Could not read from remote repository.

Please make sure you have the correct access rights
and the repository exists.
bruno_alcamin:~/workspace/Aula1 (master) $ git push origin1 master
Username for 'https://github.com': bruno-alcamin
Password for 'https://bruno-alcamin@github.com': 
Counting objects: 6, done.
Delta compression using up to 8 threads.
Compressing objects: 100% (6/6), done.
Writing objects: 100% (6/6), 76.31 KiB | 0 bytes/s, done.
Total 6 (delta 0), reused 0 (delta 0)
To https://github.com/Bruno-Alcamin/PHP.git
 * [new branch]      master -> master
bruno_alcamin:~/workspace/Aula1 (master) $ 